terminate called after throwing an instance of 'cv::Exception'
  what():  OpenCV(4.10.0) ./modules/core/src/matrix.cpp:808: error: (-215:Assertion failed) 0 <= roi.x && 0 <= roi.width && roi.x + roi.width <= m.cols && 0 <= roi.y && 0 <= roi.height && roi.y + roi.height <= m.rows in function 'Mat'


terminate called after throwing an instance of 'cv::Exception'
  what():  OpenCV(4.10.0) ./modules/core/src/matrix.cpp:808: error: (-215:Assertion failed) 0 <= roi.x && 0 <= roi.width && roi.x + roi.width <= m.cols && 0 <= roi.y && 0 <= roi.height && roi.y + roi.height <= m.rows in function 'Mat'
